Microchip MPLAB XC8 Compiler V1.45 ()

Linker command line:

-W-3 --edf=C:\Program Files (x86)\Microchip\xc8\v1.45\dat\en_msgs.txt -cs \
  -h+dist/default/production\test.X.production.sym \
  --cmf=dist/default/production\test.X.production.cmf -z -Q18F2553 \
  -oC:\Users\ThuPT\AppData\Local\Temp\s39k.2 \
  -Mdist/default/production/test.X.production.map -E1 -ver=XC8 --acfsm=1493 \
  -ASTACK=060h-07ffh -pstack=STACK -ACODE=02000h-07FFFh \
  -ACONST=02000h-07FFFh -ASMALLCONST=02000h-020FFhx96 \
  -AMEDIUMCONST=02000h-07FFFh -ACOMRAM=01h-05Fh -AABS1=00h-07FFh \
  -ABIGRAM=01h-07FFh -ARAM=060h-0FFh,0100h-01FFhx7 -ABANK0=060h-0FFh \
  -ABANK1=0100h-01FFh -ABANK2=0200h-02FFh -ABANK3=0300h-03FFh \
  -ABANK4=0400h-04FFh -ABANK5=0500h-05FFh -ABANK6=0600h-06FFh \
  -ABANK7=0700h-07FFh -ASFR=0F60h-0FFFh \
  -preset_vec=02000h,intcode,intcodelo,powerup,init -pramtop=0800h \
  -psmallconst=SMALLCONST -pmediumconst=MEDIUMCONST -pconst=CONST \
  -AFARRAM=00h-00h -ACONFIG=0300000h-030000Dh -pconfig=CONFIG \
  -AIDLOC=0200000h-0200007h -pidloc=IDLOC -AEEDATA=0F00000h-0F000FFh \
  -peeprom_data=EEDATA \
  -prdata=COMRAM,nvrram=COMRAM,nvbit=COMRAM,rbss=COMRAM,rbit=COMRAM \
  -pfarbss=FARRAM,fardata=FARRAM,nvFARRAM=FARRAM \
  -pintsave_regs=BIGRAM,bigbss=BIGRAM,bigdata=BIGRAM -pbss=RAM \
  -pidata=CODE,irdata=CODE,ibigdata=CODE,ifardata=CODE -prparam=COMRAM \
  C:\Users\ThuPT\AppData\Local\Temp\s39k.obj \
  dist/default/production\test.X.production.obj 

Object code version is 3.11

Machine type is 18F2553

Call graph: (short form)




                Name                               Link     Load   Length Selector   Space Scale
C:\Users\ThuPT\AppData\Local\Temp\s39k.obj
                init                               2000     2000        4     1000       0
                idloc                            200000   200000        8   200000       0
                config                           300000   300000        E   300000       0
dist/default/production\test.X.production.obj
                text9                              7948     7948       34     3CA4       0
                text8                              7B12     7B12      120     3D89       0
                text7                              7C32     7C32      150     3E19       0
                text6                              7AA4     7AA4       6E     3D52       0
                text5                              797C     797C       4A     3CBE       0
                text4                              79C6     79C6       4A     3CE3       0
                text3                              7A10     7A10       4A     3D08       0
                text2                              7A5A     7A5A       4A     3D2D       0
                text1                              7916     7916       32     3C8B       0
                text0                              7D82     7D82      27E     3EC1       0
                cstackCOMRAM                          1        1       26        1       1
                cinit                              790C     790C        A     3C86       0

TOTAL           Name                               Link     Load   Length     Space
        CLASS   STACK          

        CLASS   CODE           
                init                               2000     2000        4         0
                text9                              7948     7948       34         0
                text8                              7B12     7B12      120         0
                text7                              7C32     7C32      150         0
                text6                              7AA4     7AA4       6E         0
                text5                              797C     797C       4A         0
                text4                              79C6     79C6       4A         0
                text3                              7A10     7A10       4A         0
                text2                              7A5A     7A5A       4A         0
                text1                              7916     7916       32         0
                text0                              7D82     7D82      27E         0
                cinit                              790C     790C        A         0

        CLASS   CONST          

        CLASS   SMALLCONST     

        CLASS   MEDIUMCONST    

        CLASS   COMRAM         
                cstackCOMRAM                          1        1       26         1

        CLASS   ABS1           

        CLASS   BIGRAM         

        CLASS   RAM            

        CLASS   BANK0          

        CLASS   BANK1          

        CLASS   BANK2          

        CLASS   BANK3          

        CLASS   BANK4          

        CLASS   BANK5          

        CLASS   BANK6          

        CLASS   BANK7          

        CLASS   SFR            

        CLASS   FARRAM         

        CLASS   CONFIG         
                config                           300000   300000        E         0

        CLASS   IDLOC          
                idloc                            200000   200000        8         0

        CLASS   EEDATA         



SEGMENTS        Name                           Load    Length   Top    Selector   Space  Class

                cstackCOMRAM                   000001  000026  000027         1       1  COMRAM  
                reset_vec                      002000  000004  002004      1000       0  CODE    
                cinit                          00790C  00000A  007916      3C86       0  CODE    
                text1                          007916  000032  007948      3C8B       0  CODE    
                text9                          007948  000034  00797C      3CA4       0  CODE    
                text5                          00797C  00004A  0079C6      3CBE       0  CODE    
                text4                          0079C6  00004A  007A10      3CE3       0  CODE    
                text3                          007A10  00004A  007A5A      3D08       0  CODE    
                text2                          007A5A  00004A  007AA4      3D2D       0  CODE    
                text6                          007AA4  00006E  007B12      3D52       0  CODE    
                text8                          007B12  000120  007C32      3D89       0  CODE    
                text7                          007C32  000150  007D82      3E19       0  CODE    
                text0                          007D82  00027E  008000      3EC1       0  CODE    
                idloc                          200000  000008  200008    200000       0  IDLOC   
                config                         300000  00000E  30000E    300000       0  CONFIG  


UNUSED ADDRESS RANGES

        Name                Unused          Largest block    Delta
        BANK0            000060-0000FF               A0
        BANK1            000100-0001FF              100
        BANK2            000200-0002FF              100
        BANK3            000300-0003FF              100
        BANK4            000400-0004FF              100
        BANK5            000500-0005FF              100
        BANK6            000600-0006FF              100
        BANK7            000700-0007FF              100
        BIGRAM           000027-0007FF              7D9
        CODE             002004-00790B             5908
        COMRAM           000027-00005F               39
        CONST            002004-00790B             5908
        EEDATA           F00000-F000FF              100
        FARRAM           000000-000000                1
        MEDIUMCONST      002004-00790B             5908
        RAM              000060-0007FF              100
        SFR              000F60-000FFF               A0
        SMALLCONST       002004-00790B              100
        STACK            000060-0007FF              7A0

                                  Symbol Table

?___xxtofl                 cstackCOMRAM 000001
_ADCON1                    (abs)        000FC1
_PORTA                     (abs)        000F80
_PORTAbits                 (abs)        000F80
_PORTB                     (abs)        000F81
_PORTBbits                 (abs)        000F81
_PORTC                     (abs)        000F82
_TRISA                     (abs)        000F92
_TRISB                     (abs)        000F93
_TRISC                     (abs)        000F94
__HRAM                     (abs)        000000
__Habs1                    abs1         000000
__Hbank0                   bank0        000000
__Hbank1                   bank1        000000
__Hbank2                   bank2        000000
__Hbank3                   bank3        000000
__Hbank4                   bank4        000000
__Hbank5                   bank5        000000
__Hbank6                   bank6        000000
__Hbank7                   bank7        000000
__Hbigbss                  bigbss       000000
__Hbigdata                 bigdata      000000
__Hbigram                  bigram       000000
__Hbss                     bss          000000
__Hcinit                   cinit        000000
__Hclrtext                 clrtext      000000
__Hcomram                  comram       000000
__Hconfig                  config       30000E
__Hconst                   const        000000
__HcstackCOMRAM            cstackCOMRAM 000000
__Hdata                    data         000000
__Heeprom_data             eeprom_data  000000
__Hfarbss                  farbss       000000
__Hfardata                 fardata      000000
__Hibigdata                ibigdata     000000
__Hidata                   idata        000000
__Hidloc                   idloc        200008
__Hifardata                ifardata     000000
__Hinit                    init         002004
__Hintcode                 intcode      002000
__Hintcode_body            intcode_body 000000
__Hintcodelo               intcodelo    002000
__Hintentry                intentry     000000
__Hintret                  intret       000000
__Hintsave_regs            intsave_regs 000000
__Hirdata                  irdata       000000
__Hmediumconst             mediumconst  000000
__HnvFARRAM                nvFARRAM     000000
__Hnvbit                   nvbit        000000
__Hnvrram                  nvrram       000000
__Hparam                   rparam       000000
__Hpowerup                 powerup      002000
__Hram                     ram          000000
__Hramtop                  ramtop       000800
__Hrbit                    rbit         000000
__Hrbss                    rbss         000000
__Hrdata                   rdata        000000
__Hreset_vec               reset_vec    002000
__Hrparam                  rparam       000000
__Hsfr                     sfr          000000
__Hsmallconst              smallconst   000000
__Hspace_0                 (abs)        30000E
__Hspace_1                 (abs)        000027
__Hspace_2                 (abs)        000000
__Hstack                   stack        000000
__Hstruct                  struct       000000
__Htemp                    temp         000000
__Htext                    text         000000
__Htext0                   text0        000000
__Htext1                   text1        000000
__Htext2                   text2        000000
__Htext3                   text3        000000
__Htext4                   text4        000000
__Htext5                   text5        000000
__Htext6                   text6        000000
__Htext7                   text7        000000
__Htext8                   text8        000000
__Htext9                   text9        000000
__LRAM                     (abs)        000001
__Labs1                    abs1         000000
__Lbank0                   bank0        000000
__Lbank1                   bank1        000000
__Lbank2                   bank2        000000
__Lbank3                   bank3        000000
__Lbank4                   bank4        000000
__Lbank5                   bank5        000000
__Lbank6                   bank6        000000
__Lbank7                   bank7        000000
__Lbigbss                  bigbss       000000
__Lbigdata                 bigdata      000000
__Lbigram                  bigram       000000
__Lbss                     bss          000000
__Lcinit                   cinit        000000
__Lclrtext                 clrtext      000000
__Lcomram                  comram       000000
__Lconfig                  config       300000
__Lconst                   const        000000
__LcstackCOMRAM            cstackCOMRAM 000000
__Ldata                    data         000000
__Leeprom_data             eeprom_data  000000
__Lfarbss                  farbss       000000
__Lfardata                 fardata      000000
__Libigdata                ibigdata     000000
__Lidata                   idata        000000
__Lidloc                   idloc        200000
__Lifardata                ifardata     000000
__Linit                    init         002000
__Lintcode                 intcode      002000
__Lintcode_body            intcode_body 000000
__Lintcodelo               intcodelo    002000
__Lintentry                intentry     000000
__Lintret                  intret       000000
__Lintsave_regs            intsave_regs 000000
__Lirdata                  irdata       000000
__Lmediumconst             mediumconst  000000
__LnvFARRAM                nvFARRAM     000000
__Lnvbit                   nvbit        000000
__Lnvrram                  nvrram       000000
__Lparam                   rparam       000000
__Lpowerup                 powerup      002000
__Lram                     ram          000000
__Lramtop                  ramtop       000800
__Lrbit                    rbit         000000
__Lrbss                    rbss         000000
__Lrdata                   rdata        000000
__Lreset_vec               reset_vec    002000
__Lrparam                  rparam       000000
__Lsfr                     sfr          000000
__Lsmallconst              smallconst   000000
__Lspace_0                 (abs)        000000
__Lspace_1                 (abs)        000000
__Lspace_2                 (abs)        000000
__Lstack                   stack        000000
__Lstruct                  struct       000000
__Ltemp                    temp         000000
__Ltext                    text         000000
__Ltext0                   text0        000000
__Ltext1                   text1        000000
__Ltext2                   text2        000000
__Ltext3                   text3        000000
__Ltext4                   text4        000000
__Ltext5                   text5        000000
__Ltext6                   text6        000000
__Ltext7                   text7        000000
__Ltext8                   text8        000000
__Ltext9                   text9        000000
__S0                       (abs)        30000E
__S1                       (abs)        000027
__S2                       (abs)        000000
___flge                    text8        007B12
___flge@ff1                cstackCOMRAM 00000F
___flge@ff2                cstackCOMRAM 000013
___inthi_sp                stack        000000
___intlo_sp                stack        000000
___param_bank              (abs)        000000
___rparam_used             (abs)        000001
___sp                      stack        000000
___xxtofl                  text7        007C32
___xxtofl@arg              cstackCOMRAM 00000B
___xxtofl@exp              cstackCOMRAM 00000A
___xxtofl@sign             cstackCOMRAM 000009
___xxtofl@val              cstackCOMRAM 000001
__accesstop                (abs)        000060
__activetblptr             (abs)        000002
__end_of___flge            text8        007C32
__end_of___xxtofl          text7        007D82
__end_of__initialization   cinit        00790C
__end_of_led_sens          text9        00797C
__end_of_left_down         text5        0079C6
__end_of_main              text0        008000
__end_of_right_down        text4        007A10
__end_of_small_left_down   text3        007A5A
__end_of_small_right_down  text2        007AA4
__end_of_straight          text1        007948
__end_of_wait00            text6        007B12
__initialization           cinit        00790C
__mediumconst              mediumconst  000000
__pcinit                   cinit        00790C
__pcstackCOMRAM            cstackCOMRAM 000001
__ptext0                   text0        007D82
__ptext1                   text1        007916
__ptext2                   text2        007A5A
__ptext3                   text3        007A10
__ptext4                   text4        0079C6
__ptext5                   text5        00797C
__ptext6                   text6        007AA4
__ptext7                   text7        007C32
__ptext8                   text8        007B12
__ptext9                   text9        007948
__ramtop                   ramtop       000800
__size_of___flge           (abs)        000000
__size_of___xxtofl         (abs)        000000
__size_of_led_sens         (abs)        000000
__size_of_left_down        (abs)        000000
__size_of_main             (abs)        000000
__size_of_right_down       (abs)        000000
__size_of_small_left_down  (abs)        000000
__size_of_small_right_down (abs)        000000
__size_of_straight         (abs)        000000
__size_of_wait00           (abs)        000000
__smallconst               smallconst   000000
_led_sens                  text9        007948
_left_down                 text5        00797C
_main                      text0        007D82
_right_down                text4        0079C6
_small_left_down           text3        007A10
_small_right_down          text2        007A5A
_straight                  text1        007916
_wait00                    text6        007AA4
end_of_initialization      cinit        00790C
intlevel0                  text         000000
intlevel1                  text         000000
intlevel2                  text         000000
intlevel3                  text         000000
main@background            cstackCOMRAM 000025
main@status                cstackCOMRAM 000023
stackhi                    (abs)        0007FF
stacklo                    (abs)        000060
start                      init         002000
start_initialization       cinit        00790C
wait00@i                   cstackCOMRAM 000021
wait00@j                   cstackCOMRAM 00001F
wait00@k                   cstackCOMRAM 00001B


FUNCTION INFORMATION:

 *************** function _main *****************
 Defined at:
		line 72 in file "sample.c"
 Parameters:    Size  Location     Type
		None
 Auto vars:     Size  Location     Type
  background      2   36[COMRAM] int 
  status          2   34[COMRAM] int 
 Return value:  Size  Location     Type
                  2   48[None  ] int 
 Registers used:
		wreg, status,2, status,0, cstack
 Tracked objects:
		On entry : 
		On exit  : 
		Unchanged: 
 Data sizes:     COMRAM   BANK0   BANK1   BANK2   BANK3   BANK4   BANK5   BANK6   BANK7
      Params:         0       0       0       0       0       0       0       0       0
      Locals:         4       0       0       0       0       0       0       0       0
      Temps:          0       0       0       0       0       0       0       0       0
      Totals:         4       0       0       0       0       0       0       0       0
Total ram usage:        4 bytes
 Hardware stack levels required when called:    3
 This function calls:
		_led_sens
		_left_down
		_right_down
		_small_left_down
		_small_right_down
		_straight
 This function is called by:
		Startup code after reset
 This function uses a non-reentrant model


 *************** function _straight *****************
 Defined at:
		line 57 in file "sample.c"
 Parameters:    Size  Location     Type
		None
 Auto vars:     Size  Location     Type
		None
 Return value:  Size  Location     Type
                  2   40[None  ] int 
 Registers used:
		wreg, status,2, status,0, cstack
 Tracked objects:
		On entry : 
		On exit  : 
		Unchanged: 
 Data sizes:     COMRAM   BANK0   BANK1   BANK2   BANK3   BANK4   BANK5   BANK6   BANK7
      Params:         0       0       0       0       0       0       0       0       0
      Locals:         0       0       0       0       0       0       0       0       0
      Temps:          0       0       0       0       0       0       0       0       0
      Totals:         0       0       0       0       0       0       0       0       0
Total ram usage:        0 bytes
 Hardware stack levels used:    1
 Hardware stack levels required when called:    2
 This function calls:
		_wait00
 This function is called by:
		_main
 This function uses a non-reentrant model


 *************** function _small_right_down *****************
 Defined at:
		line 30 in file "sample.c"
 Parameters:    Size  Location     Type
		None
 Auto vars:     Size  Location     Type
		None
 Return value:  Size  Location     Type
                  2   31[None  ] int 
 Registers used:
		wreg, status,2, status,0, cstack
 Tracked objects:
		On entry : 
		On exit  : 
		Unchanged: 
 Data sizes:     COMRAM   BANK0   BANK1   BANK2   BANK3   BANK4   BANK5   BANK6   BANK7
      Params:         0       0       0       0       0       0       0       0       0
      Locals:         0       0       0       0       0       0       0       0       0
      Temps:          0       0       0       0       0       0       0       0       0
      Totals:         0       0       0       0       0       0       0       0       0
Total ram usage:        0 bytes
 Hardware stack levels used:    1
 Hardware stack levels required when called:    2
 This function calls:
		_wait00
 This function is called by:
		_main
 This function uses a non-reentrant model


 *************** function _small_left_down *****************
 Defined at:
		line 48 in file "sample.c"
 Parameters:    Size  Location     Type
		None
 Auto vars:     Size  Location     Type
		None
 Return value:  Size  Location     Type
                  2   37[None  ] int 
 Registers used:
		wreg, status,2, status,0, cstack
 Tracked objects:
		On entry : 
		On exit  : 
		Unchanged: 
 Data sizes:     COMRAM   BANK0   BANK1   BANK2   BANK3   BANK4   BANK5   BANK6   BANK7
      Params:         0       0       0       0       0       0       0       0       0
      Locals:         0       0       0       0       0       0       0       0       0
      Temps:          0       0       0       0       0       0       0       0       0
      Totals:         0       0       0       0       0       0       0       0       0
Total ram usage:        0 bytes
 Hardware stack levels used:    1
 Hardware stack levels required when called:    2
 This function calls:
		_wait00
 This function is called by:
		_main
 This function uses a non-reentrant model


 *************** function _right_down *****************
 Defined at:
		line 21 in file "sample.c"
 Parameters:    Size  Location     Type
		None
 Auto vars:     Size  Location     Type
		None
 Return value:  Size  Location     Type
                  2   28[None  ] int 
 Registers used:
		wreg, status,2, status,0, cstack
 Tracked objects:
		On entry : 
		On exit  : 
		Unchanged: 
 Data sizes:     COMRAM   BANK0   BANK1   BANK2   BANK3   BANK4   BANK5   BANK6   BANK7
      Params:         0       0       0       0       0       0       0       0       0
      Locals:         0       0       0       0       0       0       0       0       0
      Temps:          0       0       0       0       0       0       0       0       0
      Totals:         0       0       0       0       0       0       0       0       0
Total ram usage:        0 bytes
 Hardware stack levels used:    1
 Hardware stack levels required when called:    2
 This function calls:
		_wait00
 This function is called by:
		_main
 This function uses a non-reentrant model


 *************** function _left_down *****************
 Defined at:
		line 39 in file "sample.c"
 Parameters:    Size  Location     Type
		None
 Auto vars:     Size  Location     Type
		None
 Return value:  Size  Location     Type
                  2   34[None  ] int 
 Registers used:
		wreg, status,2, status,0, cstack
 Tracked objects:
		On entry : 
		On exit  : 
		Unchanged: 
 Data sizes:     COMRAM   BANK0   BANK1   BANK2   BANK3   BANK4   BANK5   BANK6   BANK7
      Params:         0       0       0       0       0       0       0       0       0
      Locals:         0       0       0       0       0       0       0       0       0
      Temps:          0       0       0       0       0       0       0       0       0
      Totals:         0       0       0       0       0       0       0       0       0
Total ram usage:        0 bytes
 Hardware stack levels used:    1
 Hardware stack levels required when called:    2
 This function calls:
		_wait00
 This function is called by:
		_main
 This function uses a non-reentrant model


 *************** function _wait00 *****************
 Defined at:
		line 11 in file "sample.c"
 Parameters:    Size  Location     Type
  k               4   26[COMRAM] float 
 Auto vars:     Size  Location     Type
  i               2   32[COMRAM] short 
  j               2   30[COMRAM] short 
 Return value:  Size  Location     Type
                  2   26[COMRAM] int 
 Registers used:
		wreg, status,2, status,0, cstack
 Tracked objects:
		On entry : 
		On exit  : 
		Unchanged: 
 Data sizes:     COMRAM   BANK0   BANK1   BANK2   BANK3   BANK4   BANK5   BANK6   BANK7
      Params:         4       0       0       0       0       0       0       0       0
      Locals:         4       0       0       0       0       0       0       0       0
      Temps:          0       0       0       0       0       0       0       0       0
      Totals:         8       0       0       0       0       0       0       0       0
Total ram usage:        8 bytes
 Hardware stack levels used:    1
 Hardware stack levels required when called:    1
 This function calls:
		___flge
		___xxtofl
 This function is called by:
		_right_down
		_small_right_down
		_left_down
		_small_left_down
		_straight
 This function uses a non-reentrant model


 *************** function ___xxtofl *****************
 Defined at:
		line 10 in file "C:\Program Files (x86)\Microchip\xc8\v1.45\sources\common\xxtofl.c"
 Parameters:    Size  Location     Type
  sign            1    wreg     unsigned char 
  val             4    0[COMRAM] long 
 Auto vars:     Size  Location     Type
  sign            1    8[COMRAM] unsigned char 
  arg             4   10[COMRAM] unsigned long 
  exp             1    9[COMRAM] unsigned char 
 Return value:  Size  Location     Type
                  4    0[COMRAM] unsigned char 
 Registers used:
		wreg, status,2, status,0
 Tracked objects:
		On entry : 
		On exit  : 
		Unchanged: 
 Data sizes:     COMRAM   BANK0   BANK1   BANK2   BANK3   BANK4   BANK5   BANK6   BANK7
      Params:         4       0       0       0       0       0       0       0       0
      Locals:         6       0       0       0       0       0       0       0       0
      Temps:          4       0       0       0       0       0       0       0       0
      Totals:        14       0       0       0       0       0       0       0       0
Total ram usage:       14 bytes
 Hardware stack levels used:    1
 This function calls:
		Nothing
 This function is called by:
		_wait00
 This function uses a non-reentrant model


 *************** function ___flge *****************
 Defined at:
		line 4 in file "C:\Program Files (x86)\Microchip\xc8\v1.45\sources\common\flge.c"
 Parameters:    Size  Location     Type
  ff1             4   14[COMRAM] unsigned char 
  ff2             4   18[COMRAM] unsigned char 
 Auto vars:     Size  Location     Type
		None
 Return value:  Size  Location     Type
		None               void
 Registers used:
		wreg, status,2, status,0
 Tracked objects:
		On entry : 
		On exit  : 
		Unchanged: 
 Data sizes:     COMRAM   BANK0   BANK1   BANK2   BANK3   BANK4   BANK5   BANK6   BANK7
      Params:         8       0       0       0       0       0       0       0       0
      Locals:         0       0       0       0       0       0       0       0       0
      Temps:          4       0       0       0       0       0       0       0       0
      Totals:        12       0       0       0       0       0       0       0       0
Total ram usage:       12 bytes
 Hardware stack levels used:    1
 This function calls:
		Nothing
 This function is called by:
		_wait00
 This function uses a non-reentrant model


 *************** function _led_sens *****************
 Defined at:
		line 64 in file "sample.c"
 Parameters:    Size  Location     Type
		None
 Auto vars:     Size  Location     Type
		None
 Return value:  Size  Location     Type
                  2   43[None  ] int 
 Registers used:
		None
 Tracked objects:
		On entry : 
		On exit  : 
		Unchanged: 
 Data sizes:     COMRAM   BANK0   BANK1   BANK2   BANK3   BANK4   BANK5   BANK6   BANK7
      Params:         0       0       0       0       0       0       0       0       0
      Locals:         0       0       0       0       0       0       0       0       0
      Temps:          0       0       0       0       0       0       0       0       0
      Totals:         0       0       0       0       0       0       0       0       0
Total ram usage:        0 bytes
 Hardware stack levels used:    1
 This function calls:
		Nothing
 This function is called by:
		_main
 This function uses a non-reentrant model



MODULE INFORMATION

Module		Function		Class		Link	Load	Size
C:\Program Files (x86)\Microchip\xc8\v1.45\sources\common\flge.c
		___flge        		CODE           	7B12	0000	289

C:\Program Files (x86)\Microchip\xc8\v1.45\sources\common\flge.c estimated size: 289

shared
		__initialization		CODE           	790C	0000	1

shared estimated size: 1

C:\Program Files (x86)\Microchip\xc8\v1.45\sources\common\xxtofl.c
		___xxtofl      		CODE           	7C32	0000	337

C:\Program Files (x86)\Microchip\xc8\v1.45\sources\common\xxtofl.c estimated size: 337

sample.c
		_led_sens      		CODE           	7948	0000	53
		_straight      		CODE           	7916	0000	51
		_small_left_down		CODE           	7A10	0000	75
		_main          		CODE           	7D82	0000	639
		_right_down    		CODE           	79C6	0000	75
		_wait00        		CODE           	7AA4	0000	111
		_left_down     		CODE           	797C	0000	75
		_small_right_down		CODE           	7A5A	0000	75

sample.c estimated size: 1154

